// Jest Snapshot v1, https://goo.gl/fbAQLP

exports[`Example: Print a simple Table with cell colors cell colors are working 1`] = `
"┌───────┬─────────┬────────┐
│[37m [0m[01mindex[0m │[37m [0m[01m   text[0m │[37m [0m[01m value[0m │
├───────┼─────────┼────────┤
│[37m [0m[37m    1[0m │[37m [0m[37m    [31mred[39m[0m │[37m [0m[37m10.212[0m │
│[37m [0m[37m    2[0m │[37m [0m[37m  [32mgreen[39m[0m │[37m [0m[37m    20[0m │
│[37m [0m[37m    3[0m │[37m [0m[37m [33myellow[39m[0m │[37m [0m[37m   100[0m │
│[37m [0m[37m    4[0m │[37m [0m[37m[45mmagenta[49m[0m │[37m [0m[37m   300[0m │
└───────┴─────────┴────────┘"
`;
