// Jest Snapshot v1, https://goo.gl/fbAQLP

exports[`Testing column Enable and Disable disable basic example 1`] = `
"┌────────────────────┐
│[37m [0m[01mgreen_value_center[0m │
├────────────────────┤
│[37m [0m[34m            10.212[0m │
│[37m [0m[31m            10.212[0m │
│[37m [0m[36m            10.212[0m │
│[37m [0m[01m            10.212[0m │
│[37m [0m[38m            10.212[0m │
│[37m [0m[32m                20[0m │
│[37m [0m[33m               100[0m │
└────────────────────┘"
`;

exports[`Testing column Enable and Disable enable basic example 1`] = `
"┌──────────────────────┬──────────────────────────────────────────┐
│[37m [0m[01mred_left_align_index[0m │[37m [0m[01m                        right_align_text[0m │
├──────────────────────┼──────────────────────────────────────────┤
│[37m [0m[34m                   2[0m │[37m [0m[34m                        This row is blue[0m │
│[37m [0m[31m                   3[0m │[37m [0m[31m       I would like some red wine please[0m │
│[37m [0m[36m                   4[0m │[37m [0m[36m      I would like some cyan wine please[0m │
│[37m [0m[01m                   5[0m │[37m [0m[01mI would like some white_bold wine please[0m │
│[37m [0m[38m                   6[0m │[37m [0m[38m    I would like some crimson sky please[0m │
│[37m [0m[32m                   7[0m │[37m [0m[32m   I would like some green gemuse please[0m │
│[37m [0m[33m                   8[0m │[37m [0m[33m    I would like some gelb bananen bitte[0m │
└──────────────────────┴──────────────────────────────────────────┘"
`;
