// Jest Snapshot v1, https://goo.gl/fbAQLP

exports[`Testing Title Of Column title is used in table printing 1`] = `
"┌──────────────────────┬───────────────────────────────────┬────────────────────────┐
│[37m [0m[01mRed Left Align Index[0m │[37m [0m[01m                 Right Align Text[0m │[37m [0m[01mBig Green Value Center[0m │
├──────────────────────┼───────────────────────────────────┼────────────────────────┤
│[37m [0m[34m2                   [0m │[37m [0m[34m                 This row is blue[0m │[37m [0m[34m        10.212        [0m │
│[37m [0m[31m3                   [0m │[37m [0m[31mI would like some red wine please[0m │[37m [0m[31m        10.212        [0m │
└──────────────────────┴───────────────────────────────────┴────────────────────────┘"
`;
