// Jest Snapshot v1, https://goo.gl/fbAQLP

exports[`Testing column alignment A very big title 1`] = `
"[01mSome Random Title which is a quick brown fox jumps over the lazy dog and then the
 dog bites the fox. But the fox is a good fox and it does not bite the dog. The  
                 dog is a good dog and it does not bite the fox                  [0m
┌──────────────────────┬─────────────┬──────────────────────────────────────────┐
│[37m [0m[01mred_left_align_index[0m │[37m [0m[01mGREEN CENTR[0m │[37m [0m[01m                        right_align_text[0m │
├──────────────────────┼─────────────┼──────────────────────────────────────────┤
│[37m [0m[34m2                   [0m │[37m [0m[32m  10.212   [0m │[37m [0m[34m                        This row is blue[0m │
│[37m [0m[31m3                   [0m │[37m [0m[32m  10.212   [0m │[37m [0m[31m       I would like some red wine please[0m │
│[37m [0m[36m4                   [0m │[37m [0m[32m  10.212   [0m │[37m [0m[36m      I would like some cyan wine please[0m │
│[37m [0m[01m5                   [0m │[37m [0m[32m  10.212   [0m │[37m [0m[01mI would like some white_bold wine please[0m │
│[37m [0m[37m6                   [0m │[37m [0m[32m  10.212   [0m │[37m [0m[37m    I would like some crimson sky please[0m │
│[37m [0m[32m7                   [0m │[37m [0m[32m    20     [0m │[37m [0m[32m   I would like some green gemuse please[0m │
│[37m [0m[33m8                   [0m │[37m [0m[32m    100    [0m │[37m [0m[33m    I would like some gelb bananen bitte[0m │
└──────────────────────┴─────────────┴──────────────────────────────────────────┘"
`;

exports[`Testing column alignment Simpler title test 1`] = `
"[01m                                              Some Random Title                                              [0m
┌──────────────────────┬────────────────────┬──────┬──────┬──────┬──────────────────────────────────────────┐
│[37m [0m[01mred_left_align_index[0m │[37m [0m[01mgreen_value_center[0m │[37m [0m[01mcol1[0m │[37m [0m[01mcol2[0m │[37m [0m[01mcol2[0m │[37m [0m[01m                        right_align_text[0m │
├──────────────────────┼────────────────────┼──────┼──────┼──────┼──────────────────────────────────────────┤
│[37m [0m[34m2                   [0m │[37m [0m[32m      10.212      [0m │[37m [0m[34m    [0m │[37m [0m[34m    [0m │[37m [0m[34m    [0m │[37m [0m[34m                        This row is blue[0m │
│[37m [0m[31m3                   [0m │[37m [0m[32m      10.212      [0m │[37m [0m[31m    [0m │[37m [0m[31m    [0m │[37m [0m[31m    [0m │[37m [0m[31m       I would like some red wine please[0m │
│[37m [0m[36m4                   [0m │[37m [0m[32m      10.212      [0m │[37m [0m[36m    [0m │[37m [0m[36m    [0m │[37m [0m[36m    [0m │[37m [0m[36m      I would like some cyan wine please[0m │
│[37m [0m[01m5                   [0m │[37m [0m[32m      10.212      [0m │[37m [0m[01m    [0m │[37m [0m[01m    [0m │[37m [0m[01m    [0m │[37m [0m[01mI would like some white_bold wine please[0m │
│[37m [0m[37m6                   [0m │[37m [0m[32m      10.212      [0m │[37m [0m[37m    [0m │[37m [0m[37m    [0m │[37m [0m[37m    [0m │[37m [0m[37m    I would like some crimson sky please[0m │
│[37m [0m[32m7                   [0m │[37m [0m[32m        20        [0m │[37m [0m[32m    [0m │[37m [0m[32m    [0m │[37m [0m[32m    [0m │[37m [0m[32m   I would like some green gemuse please[0m │
│[37m [0m[33m8                   [0m │[37m [0m[32m       100        [0m │[37m [0m[33m    [0m │[37m [0m[33m    [0m │[37m [0m[33m    [0m │[37m [0m[33m    I would like some gelb bananen bitte[0m │
└──────────────────────┴────────────────────┴──────┴──────┴──────┴──────────────────────────────────────────┘"
`;

exports[`Testing column alignment all kind of alignments are working 1`] = `
"[01m                                   Some Random Title                                    [0m
┌──────────────────────┬──────────────────────────────────────────┬────────────────────┐
│[37m [0m[01mred_left_align_index[0m │[37m [0m[01m                        right_align_text[0m │[37m [0m[01mgreen_value_center[0m │
├──────────────────────┼──────────────────────────────────────────┼────────────────────┤
│[37m [0m[31m2                   [0m │[37m [0m[34m                        This row is blue[0m │[37m [0m[32m      10.212      [0m │
│[37m [0m[31m3                   [0m │[37m [0m[31m       I would like some red wine please[0m │[37m [0m[32m      10.212      [0m │
│[37m [0m[31m4                   [0m │[37m [0m[36m      I would like some cyan wine please[0m │[37m [0m[32m      10.212      [0m │
│[37m [0m[31m5                   [0m │[37m [0m[01mI would like some white_bold wine please[0m │[37m [0m[32m      10.212      [0m │
│[37m [0m[31m6                   [0m │[37m [0m[37m    I would like some crimson sky please[0m │[37m [0m[32m      10.212      [0m │
│[37m [0m[31m7                   [0m │[37m [0m[32m   I would like some green gemuse please[0m │[37m [0m[32m        20        [0m │
│[37m [0m[31m8                   [0m │[37m [0m[33m    I would like some gelb bananen bitte[0m │[37m [0m[32m       100        [0m │
└──────────────────────┴──────────────────────────────────────────┴────────────────────┘"
`;
